Archive member included to satisfy reference by file (symbol)

/usr/src/gcc-arm-none-eabi-10-2020-q4-major/bin/../lib/gcc/arm-none-eabi/10.2.1/../../../../arm-none-eabi/lib/thumb/v7e-m+dp/hard/libc_nano.a(lib_a-errno.o)
                              CMakeFiles/hello_world.elf.dir/home/nxa07599/repos/github_release/mcuxsdk/core/utilities/misc_utilities/fsl_sbrk.c.obj (__errno)
/usr/src/gcc-arm-none-eabi-10-2020-q4-major/bin/../lib/gcc/arm-none-eabi/10.2.1/../../../../arm-none-eabi/lib/thumb/v7e-m+dp/hard/libc_nano.a(lib_a-exit.o)
                              /usr/src/gcc-arm-none-eabi-10-2020-q4-major/bin/../lib/gcc/arm-none-eabi/10.2.1/../../../../arm-none-eabi/lib/thumb/v7e-m+dp/hard/crt0.o (exit)
/usr/src/gcc-arm-none-eabi-10-2020-q4-major/bin/../lib/gcc/arm-none-eabi/10.2.1/../../../../arm-none-eabi/lib/thumb/v7e-m+dp/hard/libc_nano.a(lib_a-impure.o)
                              /usr/src/gcc-arm-none-eabi-10-2020-q4-major/bin/../lib/gcc/arm-none-eabi/10.2.1/../../../../arm-none-eabi/lib/thumb/v7e-m+dp/hard/libc_nano.a(lib_a-exit.o) (_global_impure_ptr)
/usr/src/gcc-arm-none-eabi-10-2020-q4-major/bin/../lib/gcc/arm-none-eabi/10.2.1/../../../../arm-none-eabi/lib/thumb/v7e-m+dp/hard/libc_nano.a(lib_a-init.o)
                              /usr/src/gcc-arm-none-eabi-10-2020-q4-major/bin/../lib/gcc/arm-none-eabi/10.2.1/../../../../arm-none-eabi/lib/thumb/v7e-m+dp/hard/crt0.o (__libc_init_array)
/usr/src/gcc-arm-none-eabi-10-2020-q4-major/bin/../lib/gcc/arm-none-eabi/10.2.1/../../../../arm-none-eabi/lib/thumb/v7e-m+dp/hard/libc_nano.a(lib_a-malloc.o)
                              CMakeFiles/hello_world.elf.dir/home/nxa07599/repos/github_release/mcuxsdk/core/drivers/common/fsl_common.c.obj (malloc)
/usr/src/gcc-arm-none-eabi-10-2020-q4-major/bin/../lib/gcc/arm-none-eabi/10.2.1/../../../../arm-none-eabi/lib/thumb/v7e-m+dp/hard/libc_nano.a(lib_a-memcpy-stub.o)
                              CMakeFiles/hello_world.elf.dir/home/nxa07599/repos/github_release/mcuxsdk/core/devices/MIMXRT1052/drivers/fsl_clock.c.obj (memcpy)
/usr/src/gcc-arm-none-eabi-10-2020-q4-major/bin/../lib/gcc/arm-none-eabi/10.2.1/../../../../arm-none-eabi/lib/thumb/v7e-m+dp/hard/libc_nano.a(lib_a-memset.o)
                              /usr/src/gcc-arm-none-eabi-10-2020-q4-major/bin/../lib/gcc/arm-none-eabi/10.2.1/../../../../arm-none-eabi/lib/thumb/v7e-m+dp/hard/crt0.o (memset)
/usr/src/gcc-arm-none-eabi-10-2020-q4-major/bin/../lib/gcc/arm-none-eabi/10.2.1/../../../../arm-none-eabi/lib/thumb/v7e-m+dp/hard/libc_nano.a(lib_a-nano-freer.o)
                              /usr/src/gcc-arm-none-eabi-10-2020-q4-major/bin/../lib/gcc/arm-none-eabi/10.2.1/../../../../arm-none-eabi/lib/thumb/v7e-m+dp/hard/libc_nano.a(lib_a-malloc.o) (_free_r)
/usr/src/gcc-arm-none-eabi-10-2020-q4-major/bin/../lib/gcc/arm-none-eabi/10.2.1/../../../../arm-none-eabi/lib/thumb/v7e-m+dp/hard/libc_nano.a(lib_a-nano-mallocr.o)
                              /usr/src/gcc-arm-none-eabi-10-2020-q4-major/bin/../lib/gcc/arm-none-eabi/10.2.1/../../../../arm-none-eabi/lib/thumb/v7e-m+dp/hard/libc_nano.a(lib_a-malloc.o) (_malloc_r)
/usr/src/gcc-arm-none-eabi-10-2020-q4-major/bin/../lib/gcc/arm-none-eabi/10.2.1/../../../../arm-none-eabi/lib/thumb/v7e-m+dp/hard/libc_nano.a(lib_a-sbrkr.o)
                              /usr/src/gcc-arm-none-eabi-10-2020-q4-major/bin/../lib/gcc/arm-none-eabi/10.2.1/../../../../arm-none-eabi/lib/thumb/v7e-m+dp/hard/libc_nano.a(lib_a-nano-mallocr.o) (_sbrk_r)
/usr/src/gcc-arm-none-eabi-10-2020-q4-major/bin/../lib/gcc/arm-none-eabi/10.2.1/../../../../arm-none-eabi/lib/thumb/v7e-m+dp/hard/libc_nano.a(lib_a-strlen.o)
                              CMakeFiles/hello_world.elf.dir/home/nxa07599/repos/github_release/mcuxsdk/core/utilities/debug_console_lite/fsl_debug_console.c.obj (strlen)
/usr/src/gcc-arm-none-eabi-10-2020-q4-major/bin/../lib/gcc/arm-none-eabi/10.2.1/../../../../arm-none-eabi/lib/thumb/v7e-m+dp/hard/libc_nano.a(lib_a-mlock.o)
                              /usr/src/gcc-arm-none-eabi-10-2020-q4-major/bin/../lib/gcc/arm-none-eabi/10.2.1/../../../../arm-none-eabi/lib/thumb/v7e-m+dp/hard/libc_nano.a(lib_a-nano-freer.o) (__malloc_lock)
/usr/src/gcc-arm-none-eabi-10-2020-q4-major/bin/../lib/gcc/arm-none-eabi/10.2.1/../../../../arm-none-eabi/lib/thumb/v7e-m+dp/hard/libc_nano.a(lib_a-reent.o)
                              /usr/src/gcc-arm-none-eabi-10-2020-q4-major/bin/../lib/gcc/arm-none-eabi/10.2.1/../../../../arm-none-eabi/lib/thumb/v7e-m+dp/hard/libc_nano.a(lib_a-sbrkr.o) (errno)
/usr/src/gcc-arm-none-eabi-10-2020-q4-major/bin/../lib/gcc/arm-none-eabi/10.2.1/../../../../arm-none-eabi/lib/thumb/v7e-m+dp/hard/libc_nano.a(lib_a-lock.o)
                              /usr/src/gcc-arm-none-eabi-10-2020-q4-major/bin/../lib/gcc/arm-none-eabi/10.2.1/../../../../arm-none-eabi/lib/thumb/v7e-m+dp/hard/libc_nano.a(lib_a-mlock.o) (__retarget_lock_acquire_recursive)
[...]
Memory Configuration

Name             Origin             Length             Attributes
m_interrupts     0x0000000000000000 0x0000000000000400 xr
m_text           0x0000000000000400 0x000000000001fc00 xr
m_data           0x0000000020000000 0x0000000000020000 rw
m_data2          0x0000000020200000 0x0000000000040000 rw
*default*        0x0000000000000000 0xffffffffffffffff

Linker script and memory map

LOAD /usr/src/gcc-arm-none-eabi-10-2020-q4-major/bin/../lib/gcc/arm-none-eabi/10.2.1/thumb/v7e-m+dp/hard/crti.o
LOAD /usr/src/gcc-arm-none-eabi-10-2020-q4-major/bin/../lib/gcc/arm-none-eabi/10.2.1/thumb/v7e-m+dp/hard/crtbegin.o
LOAD /usr/src/gcc-arm-none-eabi-10-2020-q4-major/bin/../lib/gcc/arm-none-eabi/10.2.1/../../../../arm-none-eabi/lib/thumb/v7e-m+dp/hard/crt0.o
LOAD CMakeFiles/hello_world.elf.dir/home/nxa07599/repos/github_release/mcuxsdk/examples/evkbimxrt1050/demo_apps/hello_world/hello_world.c.obj
LOAD CMakeFiles/hello_world.elf.dir/home/nxa07599/repos/github_release/mcuxsdk/examples/evkbimxrt1050/demo_apps/hello_world/pin_mux.c.obj
LOAD CMakeFiles/hello_world.elf.dir/home/nxa07599/repos/github_release/mcuxsdk/core/boards/evkbimxrt1050/board.c.obj
LOAD CMakeFiles/hello_world.elf.dir/home/nxa07599/repos/github_release/mcuxsdk/core/boards/evkbimxrt1050/clock_config.c.obj
LOAD CMakeFiles/hello_world.elf.dir/home/nxa07599/repos/github_release/mcuxsdk/core/boards/evkbimxrt1050/dcd.c.obj
LOAD CMakeFiles/hello_world.elf.dir/home/nxa07599/repos/github_release/mcuxsdk/core/utilities/debug_console_lite/fsl_debug_console.c.obj
LOAD CMakeFiles/hello_world.elf.dir/home/nxa07599/repos/github_release/mcuxsdk/core/components/uart/fsl_adapter_lpuart.c.obj
LOAD CMakeFiles/hello_world.elf.dir/home/nxa07599/repos/github_release/mcuxsdk/core/drivers/lpuart/fsl_lpuart.c.obj
LOAD CMakeFiles/hello_world.elf.dir/home/nxa07599/repos/github_release/mcuxsdk/core/drivers/common/fsl_common.c.obj
LOAD CMakeFiles/hello_world.elf.dir/home/nxa07599/repos/github_release/mcuxsdk/core/utilities/assert/fsl_assert.c.obj
LOAD CMakeFiles/hello_world.elf.dir/home/nxa07599/repos/github_release/mcuxsdk/core/devices/MIMXRT1052/drivers/fsl_clock.c.obj
LOAD CMakeFiles/hello_world.elf.dir/home/nxa07599/repos/github_release/mcuxsdk/core/components/lists/fsl_component_generic_list.c.obj
LOAD CMakeFiles/hello_world.elf.dir/home/nxa07599/repos/github_release/mcuxsdk/core/devices/MIMXRT1052/gcc/startup_MIMXRT1052.S.obj
LOAD CMakeFiles/hello_world.elf.dir/home/nxa07599/repos/github_release/mcuxsdk/core/devices/MIMXRT1052/system_MIMXRT1052.c.obj
LOAD CMakeFiles/hello_world.elf.dir/home/nxa07599/repos/github_release/mcuxsdk/core/drivers/igpio/fsl_gpio.c.obj
LOAD CMakeFiles/hello_world.elf.dir/home/nxa07599/repos/github_release/mcuxsdk/core/devices/MIMXRT1052/xip/fsl_flexspi_nor_boot.c.obj
LOAD CMakeFiles/hello_world.elf.dir/home/nxa07599/repos/github_release/mcuxsdk/core/boards/evkbimxrt1050/xip/evkbimxrt1050_flexspi_nor_config.c.obj
LOAD CMakeFiles/hello_world.elf.dir/home/nxa07599/repos/github_release/mcuxsdk/core/utilities/misc_utilities/fsl_sbrk.c.obj
START GROUP
LOAD /usr/src/gcc-arm-none-eabi-10-2020-q4-major/bin/../lib/gcc/arm-none-eabi/10.2.1/../../../../arm-none-eabi/lib/thumb/v7e-m+dp/hard/libm.a
LOAD /usr/src/gcc-arm-none-eabi-10-2020-q4-major/bin/../lib/gcc/arm-none-eabi/10.2.1/../../../../arm-none-eabi/lib/thumb/v7e-m+dp/hard/libc_nano.a
LOAD /usr/src/gcc-arm-none-eabi-10-2020-q4-major/bin/../lib/gcc/arm-none-eabi/10.2.1/thumb/v7e-m+dp/hard/libgcc.a
LOAD /usr/src/gcc-arm-none-eabi-10-2020-q4-major/bin/../lib/gcc/arm-none-eabi/10.2.1/../../../../arm-none-eabi/lib/thumb/v7e-m+dp/hard/libnosys.a
END GROUP
START GROUP
LOAD /usr/src/gcc-arm-none-eabi-10-2020-q4-major/bin/../lib/gcc/arm-none-eabi/10.2.1/thumb/v7e-m+dp/hard/libgcc.a
LOAD /usr/src/gcc-arm-none-eabi-10-2020-q4-major/bin/../lib/gcc/arm-none-eabi/10.2.1/../../../../arm-none-eabi/lib/thumb/v7e-m+dp/hard/libc_nano.a
END GROUP
START GROUP
LOAD /usr/src/gcc-arm-none-eabi-10-2020-q4-major/bin/../lib/gcc/arm-none-eabi/10.2.1/thumb/v7e-m+dp/hard/libgcc.a
LOAD /usr/src/gcc-arm-none-eabi-10-2020-q4-major/bin/../lib/gcc/arm-none-eabi/10.2.1/../../../../arm-none-eabi/lib/thumb/v7e-m+dp/hard/libc_nano.a
LOAD /usr/src/gcc-arm-none-eabi-10-2020-q4-major/bin/../lib/gcc/arm-none-eabi/10.2.1/../../../../arm-none-eabi/lib/thumb/v7e-m+dp/hard/libnosys.a
END GROUP
START GROUP
LOAD /usr/src/gcc-arm-none-eabi-10-2020-q4-major/bin/../lib/gcc/arm-none-eabi/10.2.1/thumb/v7e-m+dp/hard/libgcc.a
LOAD /usr/src/gcc-arm-none-eabi-10-2020-q4-major/bin/../lib/gcc/arm-none-eabi/10.2.1/../../../../arm-none-eabi/lib/thumb/v7e-m+dp/hard/libc_nano.a
LOAD /usr/src/gcc-arm-none-eabi-10-2020-q4-major/bin/../lib/gcc/arm-none-eabi/10.2.1/../../../../arm-none-eabi/lib/thumb/v7e-m+dp/hard/libnosys.a
END GROUP
LOAD /usr/src/gcc-arm-none-eabi-10-2020-q4-major/bin/../lib/gcc/arm-none-eabi/10.2.1/thumb/v7e-m+dp/hard/crtend.o
LOAD /usr/src/gcc-arm-none-eabi-10-2020-q4-major/bin/../lib/gcc/arm-none-eabi/10.2.1/thumb/v7e-m+dp/hard/crtn.o
                0x0000000000000400                HEAP_SIZE = DEFINED (__heap_size__)?__heap_size__:0x400
                0x0000000000000400                STACK_SIZE = DEFINED (__stack_size__)?__stack_size__:0x400
                0x0000000020200000                __NCACHE_REGION_START = ORIGIN (m_data2)
                0x0000000000000000                __NCACHE_REGION_SIZE = 0x0

.interrupts     0x0000000000000000      0x400
                0x0000000000000000                __VECTOR_TABLE = .
                0x0000000000000000                __Vectors = .
                0x0000000000000000                . = ALIGN (0x4)
 *(.isr_vector)
 .isr_vector    0x0000000000000000      0x400 CMakeFiles/hello_world.elf.dir/home/nxa07599/repos/github_release/mcuxsdk/core/devices/MIMXRT1052/gcc/startup_MIMXRT1052.S.obj
                0x0000000000000000                __isr_vector
                0x0000000000000400                . = ALIGN (0x4)

.text           0x0000000000000400     0x1bf0
                0x0000000000000400                . = ALIGN (0x4)
 *(.text)
 .text          0x0000000000000400       0x40 /usr/src/gcc-arm-none-eabi-10-2020-q4-major/bin/../lib/gcc/arm-none-eabi/10.2.1/thumb/v7e-m+dp/hard/crtbegin.o
 .text          0x0000000000000440       0x7c /usr/src/gcc-arm-none-eabi-10-2020-q4-major/bin/../lib/gcc/arm-none-eabi/10.2.1/../../../../arm-none-eabi/lib/thumb/v7e-m+dp/hard/crt0.o
                0x0000000000000440                _stack_init
                0x0000000000000448                _mainCRTStartup
                0x0000000000000448                _start
 .text          0x00000000000004bc      0x230 CMakeFiles/hello_world.elf.dir/home/nxa07599/repos/github_release/mcuxsdk/core/devices/MIMXRT1052/gcc/startup_MIMXRT1052.S.obj
                0x00000000000004bc                Reset_Handler
                0x0000000000000548                USB_PHY1_IRQHandler
                0x0000000000000548                LPSPI2_DriverIRQHandler
                0x0000000000000548                SJC_IRQHandler
                0x0000000000000548                ADC_ETC_IRQ0_IRQHandler
                0x0000000000000548                DebugMon_Handler
                0x0000000000000548                SAI3_RX_DriverIRQHandler
                0x0000000000000548                PXP_IRQHandler
                0x0000000000000548                DMA13_DMA29_DriverIRQHandler
                0x0000000000000548                Reserved86_IRQHandler
                0x0000000000000548                SRC_IRQHandler
                0x0000000000000548                LPSPI4_DriverIRQHandler
                0x0000000000000548                GPIO2_Combined_0_15_IRQHandler
                0x0000000000000548                SPDIF_DriverIRQHandler
                0x0000000000000548                GPIO1_INT2_IRQHandler
                0x0000000000000548                CSI_IRQHandler
                0x0000000000000548                SNVS_LP_WRAPPER_IRQHandler
                0x0000000000000548                ENC2_IRQHandler
                0x0000000000000548                PWM2_2_IRQHandler
                0x0000000000000548                PWM4_FAULT_IRQHandler
                0x0000000000000548                GPIO1_INT7_IRQHandler
                0x0000000000000548                CCM_1_IRQHandler
                0x0000000000000548                ADC_ETC_IRQ1_IRQHandler
                0x0000000000000548                DMA7_DMA23_DriverIRQHandler
                0x0000000000000548                CTI0_ERROR_IRQHandler
                0x0000000000000548                GPIO5_Combined_0_15_IRQHandler
                0x0000000000000548                PWM1_0_IRQHandler
                0x0000000000000548                Reserved68_IRQHandler
                0x0000000000000548                LPI2C3_DriverIRQHandler
                0x0000000000000548                USB_PHY2_IRQHandler
                0x0000000000000548                TSC_DIG_IRQHandler
                0x0000000000000548                GPIO4_Combined_0_15_IRQHandler
                0x0000000000000548                PWM2_0_IRQHandler
                0x0000000000000548                DCP_VMI_IRQHandler
                0x0000000000000548                DMA14_DMA30_DriverIRQHandler
                0x0000000000000548                ENET_1588_Timer_DriverIRQHandler
                0x0000000000000548                PWM2_1_IRQHandler
                0x0000000000000548                PWM2_FAULT_IRQHandler
                0x0000000000000548                FLEXIO2_DriverIRQHandler
                0x0000000000000548                UsageFault_Handler
                0x0000000000000548                WDOG1_IRQHandler
                0x0000000000000548                PMU_EVENT_IRQHandler
                0x0000000000000548                GPT1_IRQHandler
                0x0000000000000548                PWM4_1_IRQHandler
                0x0000000000000548                USB_OTG2_IRQHandler
                0x0000000000000548                ACMP4_IRQHandler
                0x0000000000000548                SEMC_IRQHandler
                0x0000000000000548                DMA0_DMA16_DriverIRQHandler
                0x0000000000000548                DefaultISR
                0x0000000000000548                PWM1_1_IRQHandler
                0x0000000000000548                DMA2_DMA18_DriverIRQHandler
                0x0000000000000548                PWM3_0_IRQHandler
                0x0000000000000548                USDHC1_DriverIRQHandler
                0x0000000000000548                PWM3_3_IRQHandler
                0x0000000000000548                GPIO1_INT0_IRQHandler
                0x0000000000000548                CSU_IRQHandler
                0x0000000000000548                ADC1_IRQHandler
                0x0000000000000548                FLEXIO1_DriverIRQHandler
                0x0000000000000548                ENET_DriverIRQHandler
                0x0000000000000548                GPIO1_Combined_16_31_IRQHandler
                0x0000000000000548                RTWDOG_IRQHandler
                0x0000000000000548                Reserved78_IRQHandler
                0x0000000000000548                SAI1_DriverIRQHandler
                0x0000000000000548                DMA12_DMA28_DriverIRQHandler
                0x0000000000000548                ENC3_IRQHandler
                0x0000000000000548                GPIO3_Combined_16_31_IRQHandler
                0x0000000000000548                EWM_IRQHandler
                0x0000000000000548                TEMP_LOW_HIGH_IRQHandler
                0x0000000000000548                WDOG2_IRQHandler
                0x0000000000000548                GPIO1_INT5_IRQHandler
                0x0000000000000548                FLEXSPI_DriverIRQHandler
                0x0000000000000548                PWM3_1_IRQHandler
                0x0000000000000548                PWM2_3_IRQHandler
                0x0000000000000548                CORE_IRQHandler
                0x0000000000000548                DMA10_DMA26_DriverIRQHandler
                0x0000000000000548                TEMP_PANIC_IRQHandler
                0x0000000000000548                GPIO1_INT6_IRQHandler
                0x0000000000000548                PWM1_2_IRQHandler
                0x0000000000000548                Reserved144_IRQHandler
                0x0000000000000548                GPR_IRQ_IRQHandler
                0x0000000000000548                GPC_IRQHandler
                0x0000000000000548                DCDC_IRQHandler
                0x0000000000000548                GPIO3_Combined_0_15_IRQHandler
                0x0000000000000548                PWM4_3_IRQHandler
                0x0000000000000548                DMA1_DMA17_DriverIRQHandler
                0x0000000000000548                USB_OTG1_IRQHandler
                0x0000000000000548                CAN2_DriverIRQHandler
                0x0000000000000548                GPIO5_Combined_16_31_IRQHandler
                0x0000000000000548                TMR2_IRQHandler
                0x0000000000000548                ADC_ETC_ERROR_IRQ_IRQHandler
                0x0000000000000548                DMA8_DMA24_DriverIRQHandler
                0x0000000000000548                PWM4_2_IRQHandler
                0x0000000000000548                DMA6_DMA22_DriverIRQHandler
                0x0000000000000548                BEE_IRQHandler
                0x0000000000000548                GPIO1_INT1_IRQHandler
                0x0000000000000548                ADC_ETC_IRQ2_IRQHandler
                0x0000000000000548                GPIO1_INT4_IRQHandler
                0x0000000000000548                CCM_2_IRQHandler
                0x0000000000000548                KPP_IRQHandler
                0x0000000000000548                ADC2_IRQHandler
                0x0000000000000548                USDHC2_DriverIRQHandler
                0x0000000000000548                MemManage_Handler
                0x0000000000000548                SAI2_DriverIRQHandler
                0x0000000000000548                PIT_IRQHandler
                0x0000000000000548                Reserved115_IRQHandler
                0x0000000000000548                SNVS_HP_WRAPPER_IRQHandler
                0x0000000000000548                DMA11_DMA27_DriverIRQHandler
                0x0000000000000548                XBAR1_IRQ_2_3_IRQHandler
                0x0000000000000548                PWM3_2_IRQHandler
                0x0000000000000548                LPI2C1_DriverIRQHandler
                0x0000000000000548                DCP_IRQHandler
                0x0000000000000548                Reserved123_IRQHandler
                0x0000000000000548                DMA4_DMA20_DriverIRQHandler
                0x0000000000000548                GPIO1_INT3_IRQHandler
                0x0000000000000548                DMA9_DMA25_DriverIRQHandler
                0x0000000000000548                GPIO1_Combined_0_15_IRQHandler
                0x0000000000000548                LPSPI1_DriverIRQHandler
                0x0000000000000548                DMA3_DMA19_DriverIRQHandler
                0x0000000000000548                TMR4_IRQHandler
                0x0000000000000548                ACMP3_IRQHandler
                0x0000000000000548                ENC1_IRQHandler
                0x0000000000000548                PWM1_FAULT_IRQHandler
                0x0000000000000548                Reserved143_IRQHandler
                0x0000000000000548                GPIO2_Combined_16_31_IRQHandler
                0x0000000000000548                LPI2C4_DriverIRQHandler
                0x0000000000000548                TMR3_IRQHandler
                0x0000000000000548                XBAR1_IRQ_0_1_IRQHandler
                0x0000000000000548                SNVS_HP_WRAPPER_TZ_IRQHandler
                0x0000000000000548                SAI3_TX_DriverIRQHandler
                0x0000000000000548                ACMP2_IRQHandler
                0x0000000000000548                GPT2_IRQHandler
                0x0000000000000548                FLEXRAM_IRQHandler
                0x0000000000000548                DMA5_DMA21_DriverIRQHandler
                0x0000000000000548                ACMP1_IRQHandler
                0x0000000000000548                BusFault_Handler
                0x0000000000000548                Reserved87_IRQHandler
                0x0000000000000548                DMA15_DMA31_DriverIRQHandler
                0x0000000000000548                GPIO4_Combined_16_31_IRQHandler
                0x0000000000000548                LPSPI3_DriverIRQHandler
                0x0000000000000548                ENC4_IRQHandler
                0x0000000000000548                LPI2C2_DriverIRQHandler
                0x0000000000000548                DMA_ERROR_DriverIRQHandler
                0x0000000000000548                PWM4_0_IRQHandler
                0x0000000000000548                CAN1_DriverIRQHandler
                0x0000000000000548                TMR1_IRQHandler
                0x0000000000000548                TRNG_IRQHandler
                0x0000000000000548                LCDIF_IRQHandler
                0x0000000000000548                PWM3_FAULT_IRQHandler
                0x0000000000000548                CTI1_ERROR_IRQHandler
                0x0000000000000548                PWM1_3_IRQHandler
                0x000000000000054c                NMI_Handler
                0x0000000000000550                HardFault_Handler
                0x0000000000000554                SVC_Handler
                0x0000000000000558                PendSV_Handler
                0x000000000000055c                SysTick_Handler
                0x0000000000000560                DMA0_DMA16_IRQHandler
                0x0000000000000564                DMA1_DMA17_IRQHandler
                0x0000000000000568                DMA2_DMA18_IRQHandler
                0x000000000000056c                DMA3_DMA19_IRQHandler
                0x0000000000000570                DMA4_DMA20_IRQHandler
                0x0000000000000574                DMA5_DMA21_IRQHandler
                0x0000000000000578                DMA6_DMA22_IRQHandler
                0x000000000000057c                DMA7_DMA23_IRQHandler
                0x0000000000000580                DMA8_DMA24_IRQHandler
                0x0000000000000584                DMA9_DMA25_IRQHandler
                0x0000000000000588                DMA10_DMA26_IRQHandler
                0x000000000000058c                DMA11_DMA27_IRQHandler
                0x0000000000000590                DMA12_DMA28_IRQHandler
                0x0000000000000594                DMA13_DMA29_IRQHandler
                0x0000000000000598                DMA14_DMA30_IRQHandler
                0x000000000000059c                DMA15_DMA31_IRQHandler
                0x00000000000005a0                DMA_ERROR_IRQHandler
                0x00000000000005a4                LPUART1_IRQHandler
                0x00000000000005a8                LPUART2_IRQHandler
                0x00000000000005ac                LPUART3_IRQHandler
                0x00000000000005b0                LPUART4_IRQHandler
                0x00000000000005b4                LPUART5_IRQHandler
                0x00000000000005b8                LPUART6_IRQHandler
                0x00000000000005bc                LPUART7_IRQHandler
                0x00000000000005c0                LPUART8_IRQHandler
                0x00000000000005c4                LPI2C1_IRQHandler
                0x00000000000005c8                LPI2C2_IRQHandler
                0x00000000000005cc                LPI2C3_IRQHandler
                0x00000000000005d0                LPI2C4_IRQHandler
                0x00000000000005d4                LPSPI1_IRQHandler
                0x00000000000005d8                LPSPI2_IRQHandler
                0x00000000000005dc                LPSPI3_IRQHandler
                0x00000000000005e0                LPSPI4_IRQHandler
                0x00000000000005e4                CAN1_IRQHandler
                0x00000000000005e8                CAN2_IRQHandler
                0x00000000000005ec                SAI1_IRQHandler
                0x00000000000005f0                SAI2_IRQHandler
                0x00000000000005f4                SAI3_RX_IRQHandler
                0x00000000000005f8                SAI3_TX_IRQHandler
                0x00000000000005fc                SPDIF_IRQHandler
                0x0000000000000600                FLEXIO1_IRQHandler
                0x0000000000000604                FLEXIO2_IRQHandler
                0x0000000000000608                FLEXSPI_IRQHandler
                0x000000000000060c                USDHC1_IRQHandler
                0x0000000000000610                USDHC2_IRQHandler
                0x0000000000000614                ENET_IRQHandler
                0x0000000000000618                ENET_1588_Timer_IRQHandler
 .text          0x00000000000006ec       0x10 /usr/src/gcc-arm-none-eabi-10-2020-q4-major/bin/../lib/gcc/arm-none-eabi/10.2.1/../../../../arm-none-eabi/lib/thumb/v7e-m+dp/hard/libc_nano.a(lib_a-strlen.o)
                0x00000000000006ec                strlen
 *(.text*)
 .text.startup.main
                0x00000000000006fc       0x28 CMakeFiles/hello_world.elf.dir/home/nxa07599/repos/github_release/mcuxsdk/examples/evkbimxrt1050/demo_apps/hello_world/hello_world.c.obj
                0x00000000000006fc                main
 .text.BOARD_InitPins
                0x0000000000000724       0x34 CMakeFiles/hello_world.elf.dir/home/nxa07599/repos/github_release/mcuxsdk/examples/evkbimxrt1050/demo_apps/hello_world/pin_mux.c.obj
                0x0000000000000724                BOARD_InitPins
 .text.BOARD_DebugConsoleSrcFreq
                0x0000000000000758       0x50 CMakeFiles/hello_world.elf.dir/home/nxa07599/repos/github_release/mcuxsdk/core/boards/evkbimxrt1050/board.c.obj
                0x0000000000000758                BOARD_DebugConsoleSrcFreq
 .text.BOARD_InitDebugConsole
                0x00000000000007a8       0x18 CMakeFiles/hello_world.elf.dir/home/nxa07599/repos/github_release/mcuxsdk/core/boards/evkbimxrt1050/board.c.obj
                0x00000000000007a8                BOARD_InitDebugConsole
 .text.BOARD_ConfigMPU
                0x00000000000007c0      0x214 CMakeFiles/hello_world.elf.dir/home/nxa07599/repos/github_release/mcuxsdk/core/boards/evkbimxrt1050/board.c.obj
                0x00000000000007c0                BOARD_ConfigMPU
 .text.CLOCK_SetMux
                0x00000000000009d4       0x44 CMakeFiles/hello_world.elf.dir/home/nxa07599/repos/github_release/mcuxsdk/core/boards/evkbimxrt1050/clock_config.c.obj
 .text.CLOCK_DisableClock
                0x0000000000000a18       0x24 CMakeFiles/hello_world.elf.dir/home/nxa07599/repos/github_release/mcuxsdk/core/boards/evkbimxrt1050/clock_config.c.obj
 .text.BOARD_BootClockRUN
                0x0000000000000a3c      0x62c CMakeFiles/hello_world.elf.dir/home/nxa07599/repos/github_release/mcuxsdk/core/boards/evkbimxrt1050/clock_config.c.obj
                0x0000000000000a3c                BOARD_BootClockRUN
 .text.BOARD_InitBootClocks
                0x0000000000001068        0x4 CMakeFiles/hello_world.elf.dir/home/nxa07599/repos/github_release/mcuxsdk/core/boards/evkbimxrt1050/clock_config.c.obj
                0x0000000000001068                BOARD_InitBootClocks
 .text.DbgConsole_Putchar
                0x000000000000106c       0x24 CMakeFiles/hello_world.elf.dir/home/nxa07599/repos/github_release/mcuxsdk/core/utilities/debug_console_lite/fsl_debug_console.c.obj
                0x000000000000106c                DbgConsole_Putchar
 .text.DbgConsole_Init
                0x0000000000001090       0x48 CMakeFiles/hello_world.elf.dir/home/nxa07599/repos/github_release/mcuxsdk/core/utilities/debug_console_lite/fsl_debug_console.c.obj
                0x0000000000001090                DbgConsole_Init
 .text.DbgConsole_Printf
                0x00000000000010d8      0x28c CMakeFiles/hello_world.elf.dir/home/nxa07599/repos/github_release/mcuxsdk/core/utilities/debug_console_lite/fsl_debug_console.c.obj
                0x00000000000010d8                DbgConsole_Printf
 .text.DbgConsole_Getchar
                0x0000000000001364       0x2c CMakeFiles/hello_world.elf.dir/home/nxa07599/repos/github_release/mcuxsdk/core/utilities/debug_console_lite/fsl_debug_console.c.obj
                0x0000000000001364                DbgConsole_Getchar
 .text.HAL_UartInit
                0x0000000000001390       0x74 CMakeFiles/hello_world.elf.dir/home/nxa07599/repos/github_release/mcuxsdk/core/components/uart/fsl_adapter_lpuart.c.obj
                0x0000000000001390                HAL_UartInit
 .text.HAL_UartReceiveBlocking
                0x0000000000001404       0x20 CMakeFiles/hello_world.elf.dir/home/nxa07599/repos/github_release/mcuxsdk/core/components/uart/fsl_adapter_lpuart.c.obj
                0x0000000000001404                HAL_UartReceiveBlocking
 .text.HAL_UartSendBlocking
                0x0000000000001424       0x18 CMakeFiles/hello_world.elf.dir/home/nxa07599/repos/github_release/mcuxsdk/core/components/uart/fsl_adapter_lpuart.c.obj
                0x0000000000001424                HAL_UartSendBlocking
 .text.CLOCK_ControlGate
                0x000000000000143c       0x24 CMakeFiles/hello_world.elf.dir/home/nxa07599/repos/github_release/mcuxsdk/core/drivers/lpuart/fsl_lpuart.c.obj
 .text.LPUART_GetInstance
                0x0000000000001460       0x1c CMakeFiles/hello_world.elf.dir/home/nxa07599/repos/github_release/mcuxsdk/core/drivers/lpuart/fsl_lpuart.c.obj
                0x0000000000001460                LPUART_GetInstance
 .text.LPUART_Init
                0x000000000000147c      0x19c CMakeFiles/hello_world.elf.dir/home/nxa07599/repos/github_release/mcuxsdk/core/drivers/lpuart/fsl_lpuart.c.obj
                0x000000000000147c                LPUART_Init
 .text.LPUART_GetDefaultConfig
                0x0000000000001618       0x1e CMakeFiles/hello_world.elf.dir/home/nxa07599/repos/github_release/mcuxsdk/core/drivers/lpuart/fsl_lpuart.c.obj
                0x0000000000001618                LPUART_GetDefaultConfig
 .text.LPUART_GetStatusFlags
                0x0000000000001636       0x10 CMakeFiles/hello_world.elf.dir/home/nxa07599/repos/github_release/mcuxsdk/core/drivers/lpuart/fsl_lpuart.c.obj
                0x0000000000001636                LPUART_GetStatusFlags
 *fill*         0x0000000000001646        0x2 
 .text.LPUART_ClearStatusFlags
                0x0000000000001648       0x48 CMakeFiles/hello_world.elf.dir/home/nxa07599/repos/github_release/mcuxsdk/core/drivers/lpuart/fsl_lpuart.c.obj
                0x0000000000001648                LPUART_ClearStatusFlags
 .text.LPUART_WriteBlocking
                0x0000000000001690       0x1e CMakeFiles/hello_world.elf.dir/home/nxa07599/repos/github_release/mcuxsdk/core/drivers/lpuart/fsl_lpuart.c.obj
                0x0000000000001690                LPUART_WriteBlocking
 .text.LPUART_ReadBlocking
                0x00000000000016ae       0xc4 CMakeFiles/hello_world.elf.dir/home/nxa07599/repos/github_release/mcuxsdk/core/drivers/lpuart/fsl_lpuart.c.obj
                0x00000000000016ae                LPUART_ReadBlocking
 *fill*         0x0000000000001772        0x2 
 .text.LPUART1_DriverIRQHandler
                0x0000000000001774       0x20 CMakeFiles/hello_world.elf.dir/home/nxa07599/repos/github_release/mcuxsdk/core/drivers/lpuart/fsl_lpuart.c.obj
                0x0000000000001774                LPUART1_DriverIRQHandler
 .text.LPUART2_DriverIRQHandler
                0x0000000000001794       0x20 CMakeFiles/hello_world.elf.dir/home/nxa07599/repos/github_release/mcuxsdk/core/drivers/lpuart/fsl_lpuart.c.obj
                0x0000000000001794                LPUART2_DriverIRQHandler
 .text.LPUART3_DriverIRQHandler
                0x00000000000017b4       0x20 CMakeFiles/hello_world.elf.dir/home/nxa07599/repos/github_release/mcuxsdk/core/drivers/lpuart/fsl_lpuart.c.obj
                0x00000000000017b4                LPUART3_DriverIRQHandler
 .text.LPUART4_DriverIRQHandler
                0x00000000000017d4       0x20 CMakeFiles/hello_world.elf.dir/home/nxa07599/repos/github_release/mcuxsdk/core/drivers/lpuart/fsl_lpuart.c.obj
                0x00000000000017d4                LPUART4_DriverIRQHandler
 .text.LPUART5_DriverIRQHandler
                0x00000000000017f4       0x20 CMakeFiles/hello_world.elf.dir/home/nxa07599/repos/github_release/mcuxsdk/core/drivers/lpuart/fsl_lpuart.c.obj
                0x00000000000017f4                LPUART5_DriverIRQHandler
 .text.LPUART6_DriverIRQHandler
                0x0000000000001814       0x20 CMakeFiles/hello_world.elf.dir/home/nxa07599/repos/github_release/mcuxsdk/core/drivers/lpuart/fsl_lpuart.c.obj
                0x0000000000001814                LPUART6_DriverIRQHandler
 .text.LPUART7_DriverIRQHandler
                0x0000000000001834       0x20 CMakeFiles/hello_world.elf.dir/home/nxa07599/repos/github_release/mcuxsdk/core/drivers/lpuart/fsl_lpuart.c.obj
                0x0000000000001834                LPUART7_DriverIRQHandler
 .text.LPUART8_DriverIRQHandler
                0x0000000000001854       0x20 CMakeFiles/hello_world.elf.dir/home/nxa07599/repos/github_release/mcuxsdk/core/drivers/lpuart/fsl_lpuart.c.obj
                0x0000000000001854                LPUART8_DriverIRQHandler
 .text.CLOCK_GetOscFreq
                0x0000000000001874       0x20 CMakeFiles/hello_world.elf.dir/home/nxa07599/repos/github_release/mcuxsdk/core/devices/MIMXRT1052/drivers/fsl_clock.c.obj
 .text.CLOCK_InitExternalClk
                0x0000000000001894       0x30 CMakeFiles/hello_world.elf.dir/home/nxa07599/repos/github_release/mcuxsdk/core/devices/MIMXRT1052/drivers/fsl_clock.c.obj
                0x0000000000001894                CLOCK_InitExternalClk
 .text.CLOCK_SwitchOsc
                0x00000000000018c4       0x18 CMakeFiles/hello_world.elf.dir/home/nxa07599/repos/github_release/mcuxsdk/core/devices/MIMXRT1052/drivers/fsl_clock.c.obj
                0x00000000000018c4                CLOCK_SwitchOsc
 .text.CLOCK_InitRcOsc24M
                0x00000000000018dc       0x14 CMakeFiles/hello_world.elf.dir/home/nxa07599/repos/github_release/mcuxsdk/core/devices/MIMXRT1052/drivers/fsl_clock.c.obj
                0x00000000000018dc                CLOCK_InitRcOsc24M
 .text.CLOCK_InitArmPll
                0x00000000000018f0       0x44 CMakeFiles/hello_world.elf.dir/home/nxa07599/repos/github_release/mcuxsdk/core/devices/MIMXRT1052/drivers/fsl_clock.c.obj
                0x00000000000018f0                CLOCK_InitArmPll
 .text.CLOCK_InitSysPll
                0x0000000000001934       0x68 CMakeFiles/hello_world.elf.dir/home/nxa07599/repos/github_release/mcuxsdk/core/devices/MIMXRT1052/drivers/fsl_clock.c.obj
                0x0000000000001934                CLOCK_InitSysPll
 .text.CLOCK_InitUsb1Pll
                0x000000000000199c       0x44 CMakeFiles/hello_world.elf.dir/home/nxa07599/repos/github_release/mcuxsdk/core/devices/MIMXRT1052/drivers/fsl_clock.c.obj
                0x000000000000199c                CLOCK_InitUsb1Pll
 .text.CLOCK_DeinitUsb2Pll
                0x00000000000019e0        0xc CMakeFiles/hello_world.elf.dir/home/nxa07599/repos/github_release/mcuxsdk/core/devices/MIMXRT1052/drivers/fsl_clock.c.obj
                0x00000000000019e0                CLOCK_DeinitUsb2Pll
 .text.CLOCK_DeinitAudioPll
                0x00000000000019ec       0x10 CMakeFiles/hello_world.elf.dir/home/nxa07599/repos/github_release/mcuxsdk/core/devices/MIMXRT1052/drivers/fsl_clock.c.obj
                0x00000000000019ec                CLOCK_DeinitAudioPll
 .text.CLOCK_DeinitEnetPll
                0x00000000000019fc       0x10 CMakeFiles/hello_world.elf.dir/home/nxa07599/repos/github_release/mcuxsdk/core/devices/MIMXRT1052/drivers/fsl_clock.c.obj
                0x00000000000019fc                CLOCK_DeinitEnetPll
 .text.CLOCK_GetPllFreq
                0x0000000000001a0c      0x1f0 CMakeFiles/hello_world.elf.dir/home/nxa07599/repos/github_release/mcuxsdk/core/devices/MIMXRT1052/drivers/fsl_clock.c.obj
                0x0000000000001a0c                CLOCK_GetPllFreq
 .text.CLOCK_InitSysPfd
                0x0000000000001bfc       0x30 CMakeFiles/hello_world.elf.dir/home/nxa07599/repos/github_release/mcuxsdk/core/devices/MIMXRT1052/drivers/fsl_clock.c.obj
                0x0000000000001bfc                CLOCK_InitSysPfd
 .text.CLOCK_InitUsb1Pfd
                0x0000000000001c2c       0x30 CMakeFiles/hello_world.elf.dir/home/nxa07599/repos/github_release/mcuxsdk/core/devices/MIMXRT1052/drivers/fsl_clock.c.obj
                0x0000000000001c2c                CLOCK_InitUsb1Pfd
 .text.SystemInitHook
                0x0000000000001c5c        0x2 CMakeFiles/hello_world.elf.dir/home/nxa07599/repos/github_release/mcuxsdk/core/devices/MIMXRT1052/system_MIMXRT1052.c.obj
                0x0000000000001c5c                SystemInitHook
 *fill*         0x0000000000001c5e        0x2 
 .text.SystemInit
                0x0000000000001c60      0x134 CMakeFiles/hello_world.elf.dir/home/nxa07599/repos/github_release/mcuxsdk/core/devices/MIMXRT1052/system_MIMXRT1052.c.obj
                0x0000000000001c60                SystemInit
 .text.exit     0x0000000000001d94       0x28 /usr/src/gcc-arm-none-eabi-10-2020-q4-major/bin/../lib/gcc/arm-none-eabi/10.2.1/../../../../arm-none-eabi/lib/thumb/v7e-m+dp/hard/libc_nano.a(lib_a-exit.o)
                0x0000000000001d94                exit
 .text.__libc_init_array
                0x0000000000001dbc       0x48 /usr/src/gcc-arm-none-eabi-10-2020-q4-major/bin/../lib/gcc/arm-none-eabi/10.2.1/../../../../arm-none-eabi/lib/thumb/v7e-m+dp/hard/libc_nano.a(lib_a-init.o)
                0x0000000000001dbc                __libc_init_array
 .text.memset   0x0000000000001e04       0x10 /usr/src/gcc-arm-none-eabi-10-2020-q4-major/bin/../lib/gcc/arm-none-eabi/10.2.1/../../../../arm-none-eabi/lib/thumb/v7e-m+dp/hard/libc_nano.a(lib_a-memset.o)
                0x0000000000001e04                memset
 .text._exit    0x0000000000001e14        0x4 /usr/src/gcc-arm-none-eabi-10-2020-q4-major/bin/../lib/gcc/arm-none-eabi/10.2.1/../../../../arm-none-eabi/lib/thumb/v7e-m+dp/hard/libnosys.a(_exit.o)
                0x0000000000001e14                _exit
 *(.rodata)
 .rodata        0x0000000000001e18      0x130 CMakeFiles/hello_world.elf.dir/home/nxa07599/repos/github_release/mcuxsdk/core/devices/MIMXRT1052/drivers/fsl_clock.c.obj
 *(.rodata*)
 .rodata.main.str1.1
                0x0000000000001f48        0xf CMakeFiles/hello_world.elf.dir/home/nxa07599/repos/github_release/mcuxsdk/examples/evkbimxrt1050/demo_apps/hello_world/hello_world.c.obj
 *fill*         0x0000000000001f57        0x1 
 .rodata.armPllConfig_BOARD_BootClockRUN
                0x0000000000001f58        0x8 CMakeFiles/hello_world.elf.dir/home/nxa07599/repos/github_release/mcuxsdk/core/boards/evkbimxrt1050/clock_config.c.obj
                0x0000000000001f58                armPllConfig_BOARD_BootClockRUN
 .rodata.sysPllConfig_BOARD_BootClockRUN
                0x0000000000001f60       0x14 CMakeFiles/hello_world.elf.dir/home/nxa07599/repos/github_release/mcuxsdk/core/boards/evkbimxrt1050/clock_config.c.obj
                0x0000000000001f60                sysPllConfig_BOARD_BootClockRUN
 .rodata.usb1PllConfig_BOARD_BootClockRUN
                0x0000000000001f74        0x2 CMakeFiles/hello_world.elf.dir/home/nxa07599/repos/github_release/mcuxsdk/core/boards/evkbimxrt1050/clock_config.c.obj
                0x0000000000001f74                usb1PllConfig_BOARD_BootClockRUN
 *fill*         0x0000000000001f76        0x2 
 .rodata.s_LpuartAdapterBase
                0x0000000000001f78       0x24 CMakeFiles/hello_world.elf.dir/home/nxa07599/repos/github_release/mcuxsdk/core/components/uart/fsl_adapter_lpuart.c.obj
 .rodata.s_lpuartBases
                0x0000000000001f9c       0x24 CMakeFiles/hello_world.elf.dir/home/nxa07599/repos/github_release/mcuxsdk/core/drivers/lpuart/fsl_lpuart.c.obj
 .rodata.s_lpuartClock
                0x0000000000001fc0       0x12 CMakeFiles/hello_world.elf.dir/home/nxa07599/repos/github_release/mcuxsdk/core/drivers/lpuart/fsl_lpuart.c.obj
 *fill*         0x0000000000001fd2        0x2 
 .rodata._global_impure_ptr
                0x0000000000001fd4        0x4 /usr/src/gcc-arm-none-eabi-10-2020-q4-major/bin/../lib/gcc/arm-none-eabi/10.2.1/../../../../arm-none-eabi/lib/thumb/v7e-m+dp/hard/libc_nano.a(lib_a-impure.o)
                0x0000000000001fd4                _global_impure_ptr
 *(.glue_7)
 .glue_7        0x0000000000001fd8        0x0 linker stubs
 *(.glue_7t)
 .glue_7t       0x0000000000001fd8        0x0 linker stubs
 *(.eh_frame)
 .eh_frame      0x0000000000001fd8        0x0 /usr/src/gcc-arm-none-eabi-10-2020-q4-major/bin/../lib/gcc/arm-none-eabi/10.2.1/thumb/v7e-m+dp/hard/crtbegin.o
 *(.init)
 .init          0x0000000000001fd8        0x4 /usr/src/gcc-arm-none-eabi-10-2020-q4-major/bin/../lib/gcc/arm-none-eabi/10.2.1/thumb/v7e-m+dp/hard/crti.o
                0x0000000000001fd8                _init
 .init          0x0000000000001fdc        0x8 /usr/src/gcc-arm-none-eabi-10-2020-q4-major/bin/../lib/gcc/arm-none-eabi/10.2.1/thumb/v7e-m+dp/hard/crtn.o
 *(.fini)
 .fini          0x0000000000001fe4        0x4 /usr/src/gcc-arm-none-eabi-10-2020-q4-major/bin/../lib/gcc/arm-none-eabi/10.2.1/thumb/v7e-m+dp/hard/crti.o
                0x0000000000001fe4                _fini
 .fini          0x0000000000001fe8        0x8 /usr/src/gcc-arm-none-eabi-10-2020-q4-major/bin/../lib/gcc/arm-none-eabi/10.2.1/thumb/v7e-m+dp/hard/crtn.o
                0x0000000000001ff0                . = ALIGN (0x4)

.vfp11_veneer   0x0000000000001ff0        0x0
 .vfp11_veneer  0x0000000000001ff0        0x0 linker stubs

.v4_bx          0x0000000000001ff0        0x0
 .v4_bx         0x0000000000001ff0        0x0 linker stubs

.iplt           0x0000000000001ff0        0x0
 .iplt          0x0000000000001ff0        0x0 /usr/src/gcc-arm-none-eabi-10-2020-q4-major/bin/../lib/gcc/arm-none-eabi/10.2.1/thumb/v7e-m+dp/hard/crtbegin.o

.ARM.extab
 *(.ARM.extab* .gnu.linkonce.armextab.*)

.ARM            0x0000000000001ff0        0x8
                0x0000000000001ff0                __exidx_start = .
 *(.ARM.exidx*)
 .ARM.exidx     0x0000000000001ff0        0x8 /usr/src/gcc-arm-none-eabi-10-2020-q4-major/bin/../lib/gcc/arm-none-eabi/10.2.1/../../../../arm-none-eabi/lib/thumb/v7e-m+dp/hard/crt0.o
                                         0x10 (size before relaxing)
                0x0000000000001ff8                __exidx_end = .

.rel.dyn        0x0000000000001ff8        0x0
 .rel.iplt      0x0000000000001ff8        0x0 /usr/src/gcc-arm-none-eabi-10-2020-q4-major/bin/../lib/gcc/arm-none-eabi/10.2.1/thumb/v7e-m+dp/hard/crtbegin.o

.ctors          0x0000000000001ff8        0x0
                0x0000000000001ff8                __CTOR_LIST__ = .
 *crtbegin.o(.ctors)
 *crtbegin?.o(.ctors)
 *(EXCLUDE_FILE(*crtend.o *crtend?.o) .ctors)
 *(SORT_BY_NAME(.ctors.*))
 *(.ctors)
                0x0000000000001ff8                __CTOR_END__ = .

.dtors          0x0000000000001ff8        0x0
                0x0000000000001ff8                __DTOR_LIST__ = .
 *crtbegin.o(.dtors)
 *crtbegin?.o(.dtors)
 *(EXCLUDE_FILE(*crtend.o *crtend?.o) .dtors)
 *(SORT_BY_NAME(.dtors.*))
 *(.dtors)
                0x0000000000001ff8                __DTOR_END__ = .

.preinit_array  0x0000000000001ff8        0x0
                0x0000000000001ff8                PROVIDE (__preinit_array_start = .)
 *(.preinit_array*)
                0x0000000000001ff8                PROVIDE (__preinit_array_end = .)

.init_array     0x0000000000001ff8        0x4
                0x0000000000001ff8                PROVIDE (__init_array_start = .)
 *(SORT_BY_NAME(.init_array.*))
 *(.init_array*)
 .init_array    0x0000000000001ff8        0x4 /usr/src/gcc-arm-none-eabi-10-2020-q4-major/bin/../lib/gcc/arm-none-eabi/10.2.1/thumb/v7e-m+dp/hard/crtbegin.o
                0x0000000000001ffc                PROVIDE (__init_array_end = .)

.fini_array     0x0000000000001ffc        0x4
                [!provide]                        PROVIDE (__fini_array_start = .)
 *(SORT_BY_NAME(.fini_array.*))
 *(.fini_array*)
 .fini_array    0x0000000000001ffc        0x4 /usr/src/gcc-arm-none-eabi-10-2020-q4-major/bin/../lib/gcc/arm-none-eabi/10.2.1/thumb/v7e-m+dp/hard/crtbegin.o
                [!provide]                        PROVIDE (__fini_array_end = .)
                0x0000000000002000                __etext = .
                0x0000000000002000                __DATA_ROM = .
                0x0000000000000000                __VECTOR_RAM = ORIGIN (m_interrupts)
                0x0000000000000000                __RAM_VECTOR_TABLE_SIZE_BYTES = 0x0

.data           0x0000000020000000       0x64 load address 0x0000000000002000
                0x0000000020000000                . = ALIGN (0x4)
                0x0000000020000000                __DATA_RAM = .
                0x0000000020000000                __data_start__ = .
 *(m_usb_dma_init_data)
 *(.data)
 *(.data*)
 .data.SystemCoreClock
                0x0000000020000000        0x4 CMakeFiles/hello_world.elf.dir/home/nxa07599/repos/github_release/mcuxsdk/core/devices/MIMXRT1052/system_MIMXRT1052.c.obj
                0x0000000020000000                SystemCoreClock
 .data.impure_data
                0x0000000020000004       0x60 /usr/src/gcc-arm-none-eabi-10-2020-q4-major/bin/../lib/gcc/arm-none-eabi/10.2.1/../../../../arm-none-eabi/lib/thumb/v7e-m+dp/hard/libc_nano.a(lib_a-impure.o)
 *(.jcr*)
                0x0000000020000064                . = ALIGN (0x4)
                0x0000000020000064                __data_end__ = .
                0x0000000000002064                __NDATA_ROM = (__DATA_ROM + (__data_end__ - __data_start__))

.igot.plt       0x0000000020000064        0x0 load address 0x0000000000002064
 .igot.plt      0x0000000020000064        0x0 /usr/src/gcc-arm-none-eabi-10-2020-q4-major/bin/../lib/gcc/arm-none-eabi/10.2.1/thumb/v7e-m+dp/hard/crtbegin.o

.ncache.init    0x0000000020000064        0x0 load address 0x0000000000002064
                0x0000000020000064                __noncachedata_start__ = .
 *(NonCacheable.init)
                0x0000000020000064                . = ALIGN (0x4)
                0x0000000020000064                __noncachedata_init_end__ = .
                0x0000000020000064                . = __noncachedata_init_end__

.ncache         0x0000000020000064        0x0
 *(NonCacheable)
                0x0000000020000064                . = ALIGN (0x4)
                0x0000000020000064                __noncachedata_end__ = .
                0x0000000000002064                __DATA_END = (__NDATA_ROM + (__noncachedata_init_end__ - __noncachedata_start__))
                0x0000000000020000                text_end = (ORIGIN (m_text) + LENGTH (m_text))
                0x0000000000000001                ASSERT ((__DATA_END <= text_end), region m_text overflowed with text and data)

.bss            0x0000000020000064       0x60 load address 0x0000000000002064
                0x0000000020000064                . = ALIGN (0x4)
                0x0000000020000064                __START_BSS = .
                0x0000000020000064                __bss_start__ = .
 *(m_usb_dma_noninit_data)
 *(.bss)
 .bss           0x0000000020000064       0x1c /usr/src/gcc-arm-none-eabi-10-2020-q4-major/bin/../lib/gcc/arm-none-eabi/10.2.1/thumb/v7e-m+dp/hard/crtbegin.o
 *(.bss*)
 .bss.s_debugConsole
                0x0000000020000080       0x14 CMakeFiles/hello_world.elf.dir/home/nxa07599/repos/github_release/mcuxsdk/core/utilities/debug_console_lite/fsl_debug_console.c.obj
 .bss.s_lpuartHandle
                0x0000000020000094       0x24 CMakeFiles/hello_world.elf.dir/home/nxa07599/repos/github_release/mcuxsdk/core/drivers/lpuart/fsl_lpuart.c.obj
 .bss.s_lpuartIsr
                0x00000000200000b8        0x4 CMakeFiles/hello_world.elf.dir/home/nxa07599/repos/github_release/mcuxsdk/core/drivers/lpuart/fsl_lpuart.c.obj
 .bss.g_rtcXtalFreq
                0x00000000200000bc        0x4 CMakeFiles/hello_world.elf.dir/home/nxa07599/repos/github_release/mcuxsdk/core/devices/MIMXRT1052/drivers/fsl_clock.c.obj
                0x00000000200000bc                g_rtcXtalFreq
 .bss.g_xtalFreq
                0x00000000200000c0        0x4 CMakeFiles/hello_world.elf.dir/home/nxa07599/repos/github_release/mcuxsdk/core/devices/MIMXRT1052/drivers/fsl_clock.c.obj
                0x00000000200000c0                g_xtalFreq
 *(COMMON)
                0x00000000200000c4                . = ALIGN (0x4)
                0x00000000200000c4                __bss_end__ = .
                0x00000000200000c4                __END_BSS = .

.heap           0x00000000200000c4      0x404 load address 0x00000000000020c4
                0x00000000200000c8                . = ALIGN (0x8)
 *fill*         0x00000000200000c4        0x4 
                0x00000000200000c8                __end__ = .
                0x00000000200000c8                PROVIDE (end = .)
                0x00000000200000c8                __HeapBase = .
                0x00000000200004c8                . = (. + HEAP_SIZE)
 *fill*         0x00000000200000c8      0x400 
                0x00000000200004c8                __HeapLimit = .
                0x00000000200004c8                __heap_limit = .

.stack          0x00000000200004c8      0x400 load address 0x00000000000024c8
                0x00000000200004c8                . = ALIGN (0x8)
                0x00000000200008c8                . = (. + STACK_SIZE)
 *fill*         0x00000000200004c8      0x400 
                0x0000000020020000                __StackTop = (ORIGIN (m_data) + LENGTH (m_data))
                0x000000002001fc00                __StackLimit = (__StackTop - STACK_SIZE)
                0x0000000020020000                PROVIDE (__stack = __StackTop)

.ARM.attributes
                0x0000000000000000       0x2e
 *(.ARM.attributes)
 .ARM.attributes
                0x0000000000000000       0x1e /usr/src/gcc-arm-none-eabi-10-2020-q4-major/bin/../lib/gcc/arm-none-eabi/10.2.1/thumb/v7e-m+dp/hard/crti.o
 .ARM.attributes
                0x000000000000001e       0x32 /usr/src/gcc-arm-none-eabi-10-2020-q4-major/bin/../lib/gcc/arm-none-eabi/10.2.1/thumb/v7e-m+dp/hard/crtbegin.o
 .ARM.attributes
                0x0000000000000050       0x1c /usr/src/gcc-arm-none-eabi-10-2020-q4-major/bin/../lib/gcc/arm-none-eabi/10.2.1/../../../../arm-none-eabi/lib/thumb/v7e-m+dp/hard/crt0.o
 .ARM.attributes
                0x000000000000006c       0x32 CMakeFiles/hello_world.elf.dir/home/nxa07599/repos/github_release/mcuxsdk/examples/evkbimxrt1050/demo_apps/hello_world/hello_world.c.obj
 .ARM.attributes
                0x000000000000009e       0x32 CMakeFiles/hello_world.elf.dir/home/nxa07599/repos/github_release/mcuxsdk/examples/evkbimxrt1050/demo_apps/hello_world/pin_mux.c.obj
 .ARM.attributes
                0x00000000000000d0       0x32 CMakeFiles/hello_world.elf.dir/home/nxa07599/repos/github_release/mcuxsdk/core/boards/evkbimxrt1050/board.c.obj
 .ARM.attributes
                0x0000000000000102       0x32 CMakeFiles/hello_world.elf.dir/home/nxa07599/repos/github_release/mcuxsdk/core/boards/evkbimxrt1050/clock_config.c.obj
 .ARM.attributes
                0x0000000000000134       0x32 CMakeFiles/hello_world.elf.dir/home/nxa07599/repos/github_release/mcuxsdk/core/utilities/debug_console_lite/fsl_debug_console.c.obj
 .ARM.attributes
                0x0000000000000166       0x32 CMakeFiles/hello_world.elf.dir/home/nxa07599/repos/github_release/mcuxsdk/core/components/uart/fsl_adapter_lpuart.c.obj
 .ARM.attributes
                0x0000000000000198       0x32 CMakeFiles/hello_world.elf.dir/home/nxa07599/repos/github_release/mcuxsdk/core/drivers/lpuart/fsl_lpuart.c.obj
 .ARM.attributes
                0x00000000000001ca       0x32 CMakeFiles/hello_world.elf.dir/home/nxa07599/repos/github_release/mcuxsdk/core/devices/MIMXRT1052/drivers/fsl_clock.c.obj
 .ARM.attributes
                0x00000000000001fc       0x1d CMakeFiles/hello_world.elf.dir/home/nxa07599/repos/github_release/mcuxsdk/core/devices/MIMXRT1052/gcc/startup_MIMXRT1052.S.obj
 .ARM.attributes
                0x0000000000000219       0x32 CMakeFiles/hello_world.elf.dir/home/nxa07599/repos/github_release/mcuxsdk/core/devices/MIMXRT1052/system_MIMXRT1052.c.obj
 .ARM.attributes
                0x000000000000024b       0x32 /usr/src/gcc-arm-none-eabi-10-2020-q4-major/bin/../lib/gcc/arm-none-eabi/10.2.1/../../../../arm-none-eabi/lib/thumb/v7e-m+dp/hard/libc_nano.a(lib_a-exit.o)
 .ARM.attributes
                0x000000000000027d       0x30 /usr/src/gcc-arm-none-eabi-10-2020-q4-major/bin/../lib/gcc/arm-none-eabi/10.2.1/../../../../arm-none-eabi/lib/thumb/v7e-m+dp/hard/libc_nano.a(lib_a-impure.o)
 .ARM.attributes
                0x00000000000002ad       0x32 /usr/src/gcc-arm-none-eabi-10-2020-q4-major/bin/../lib/gcc/arm-none-eabi/10.2.1/../../../../arm-none-eabi/lib/thumb/v7e-m+dp/hard/libc_nano.a(lib_a-init.o)
 .ARM.attributes
                0x00000000000002df       0x32 /usr/src/gcc-arm-none-eabi-10-2020-q4-major/bin/../lib/gcc/arm-none-eabi/10.2.1/../../../../arm-none-eabi/lib/thumb/v7e-m+dp/hard/libc_nano.a(lib_a-memset.o)
 .ARM.attributes
                0x0000000000000311       0x17 /usr/src/gcc-arm-none-eabi-10-2020-q4-major/bin/../lib/gcc/arm-none-eabi/10.2.1/../../../../arm-none-eabi/lib/thumb/v7e-m+dp/hard/libc_nano.a(lib_a-strlen.o)
 .ARM.attributes
                0x0000000000000328       0x32 /usr/src/gcc-arm-none-eabi-10-2020-q4-major/bin/../lib/gcc/arm-none-eabi/10.2.1/../../../../arm-none-eabi/lib/thumb/v7e-m+dp/hard/libnosys.a(_exit.o)
 .ARM.attributes
                0x000000000000035a       0x1e /usr/src/gcc-arm-none-eabi-10-2020-q4-major/bin/../lib/gcc/arm-none-eabi/10.2.1/thumb/v7e-m+dp/hard/crtn.o
                0x0000000000000001                ASSERT ((__StackLimit >= __HeapLimit), region m_data overflowed with stack and heap)
OUTPUT(release/hello_world.elf elf32-littlearm)
LOAD linker stubs

.comment        0x0000000000000000       0x4d
 .comment       0x0000000000000000       0x4d CMakeFiles/hello_world.elf.dir/home/nxa07599/repos/github_release/mcuxsdk/examples/evkbimxrt1050/demo_apps/hello_world/hello_world.c.obj
                                         0x4e (size before relaxing)
 .comment       0x000000000000004d       0x4e CMakeFiles/hello_world.elf.dir/home/nxa07599/repos/github_release/mcuxsdk/examples/evkbimxrt1050/demo_apps/hello_world/pin_mux.c.obj
 .comment       0x000000000000004d       0x4e CMakeFiles/hello_world.elf.dir/home/nxa07599/repos/github_release/mcuxsdk/core/boards/evkbimxrt1050/board.c.obj
 .comment       0x000000000000004d       0x4e CMakeFiles/hello_world.elf.dir/home/nxa07599/repos/github_release/mcuxsdk/core/boards/evkbimxrt1050/clock_config.c.obj
 .comment       0x000000000000004d       0x4e CMakeFiles/hello_world.elf.dir/home/nxa07599/repos/github_release/mcuxsdk/core/utilities/debug_console_lite/fsl_debug_console.c.obj
 .comment       0x000000000000004d       0x4e CMakeFiles/hello_world.elf.dir/home/nxa07599/repos/github_release/mcuxsdk/core/components/uart/fsl_adapter_lpuart.c.obj
 .comment       0x000000000000004d       0x4e CMakeFiles/hello_world.elf.dir/home/nxa07599/repos/github_release/mcuxsdk/core/drivers/lpuart/fsl_lpuart.c.obj
 .comment       0x000000000000004d       0x4e CMakeFiles/hello_world.elf.dir/home/nxa07599/repos/github_release/mcuxsdk/core/devices/MIMXRT1052/drivers/fsl_clock.c.obj
 .comment       0x000000000000004d       0x4e CMakeFiles/hello_world.elf.dir/home/nxa07599/repos/github_release/mcuxsdk/core/devices/MIMXRT1052/system_MIMXRT1052.c.obj

.debug_frame    0x0000000000000000       0x94
 .debug_frame   0x0000000000000000       0x28 /usr/src/gcc-arm-none-eabi-10-2020-q4-major/bin/../lib/gcc/arm-none-eabi/10.2.1/../../../../arm-none-eabi/lib/thumb/v7e-m+dp/hard/libc_nano.a(lib_a-exit.o)
 .debug_frame   0x0000000000000028       0x2c /usr/src/gcc-arm-none-eabi-10-2020-q4-major/bin/../lib/gcc/arm-none-eabi/10.2.1/../../../../arm-none-eabi/lib/thumb/v7e-m+dp/hard/libc_nano.a(lib_a-init.o)
 .debug_frame   0x0000000000000054       0x20 /usr/src/gcc-arm-none-eabi-10-2020-q4-major/bin/../lib/gcc/arm-none-eabi/10.2.1/../../../../arm-none-eabi/lib/thumb/v7e-m+dp/hard/libc_nano.a(lib_a-memset.o)
 .debug_frame   0x0000000000000074       0x20 /usr/src/gcc-arm-none-eabi-10-2020-q4-major/bin/../lib/gcc/arm-none-eabi/10.2.1/../../../../arm-none-eabi/lib/thumb/v7e-m+dp/hard/libnosys.a(_exit.o)
